Found 0 gene breakpoints
gene	chromosome	location	change	probes_left	probes_right
